npm notice run eduvibe-archive-frontend@1.0.0 npx
npm notice run 'playwright' test -c /home/dominelinux/.cache/vibe_coding_archive/coord/b216/playwright.visual.config.mjs visual/app-create.spec.js visual/auth.spec.js visual/admin.spec.js visual/gallery.spec.js
[WebServer] (node:330863) Warning: The 'NO_COLOR' env is ignored due to the 'FORCE_COLOR' env being set.
[WebServer] (Use `node --trace-warnings ...` to show where the warning was created)

Running 134 tests using 1 worker

(node:330970) Warning: The 'NO_COLOR' env is ignored due to the 'FORCE_COLOR' env being set.
(Use `node --trace-warnings ...` to show where the warning was created)
  ✓    1 visual/admin.spec.js:183:3 › admin approval screen at 1440x1000 (34.6s)
  ✓    2 visual/admin.spec.js:183:3 › admin approval screen at 1024x900 (20.9s)
  ✓    3 visual/admin.spec.js:183:3 › admin approval screen at 768x1024 (21.9s)
  ✓    4 visual/admin.spec.js:183:3 › admin approval screen at 390x844 (17.5s)
  ✓    5 visual/admin.spec.js:183:3 › admin approval screen at 360x844 (18.8s)
  ✓    6 visual/app-create.spec.js:113:3 › app registration form at 1440x1000 (13.5s)
  ✓    7 visual/app-create.spec.js:200:3 › app edit form at 1440x1000 (15.3s)
  ✓    8 visual/app-create.spec.js:306:3 › conceals an unresolved create draft during auth checks at 1440x1000 (5.7s)
  ✓    9 visual/app-create.spec.js:339:3 › shows confirmed create when its target is later unavailable at 1440x1000 (6.2s)
  ✓   10 visual/app-create.spec.js:391:3 › private app detail after owner update at 1440x1000 (6.6s)
  ✓   11 visual/app-create.spec.js:113:3 › app registration form at 1024x900 (11.6s)
  ✓   12 visual/app-create.spec.js:200:3 › app edit form at 1024x900 (15.3s)
  ✓   13 visual/app-create.spec.js:306:3 › conceals an unresolved create draft during auth checks at 1024x900 (5.8s)
  ✓   14 visual/app-create.spec.js:339:3 › shows confirmed create when its target is later unavailable at 1024x900 (5.9s)
  ✓   15 visual/app-create.spec.js:391:3 › private app detail after owner update at 1024x900 (5.4s)
  ✓   16 visual/app-create.spec.js:113:3 › app registration form at 768x1024 (11.5s)
  ✓   17 visual/app-create.spec.js:200:3 › app edit form at 768x1024 (21.0s)
  ✓   18 visual/app-create.spec.js:306:3 › conceals an unresolved create draft during auth checks at 768x1024 (7.3s)
  ✓   19 visual/app-create.spec.js:339:3 › shows confirmed create when its target is later unavailable at 768x1024 (6.1s)
  ✓   20 visual/app-create.spec.js:391:3 › private app detail after owner update at 768x1024 (5.9s)
  ✓   21 visual/app-create.spec.js:113:3 › app registration form at 390x844 (10.9s)
  ✓   22 visual/app-create.spec.js:200:3 › app edit form at 390x844 (14.1s)
  ✓   23 visual/app-create.spec.js:306:3 › conceals an unresolved create draft during auth checks at 390x844 (4.5s)
  ✓   24 visual/app-create.spec.js:339:3 › shows confirmed create when its target is later unavailable at 390x844 (3.9s)
  ✓   25 visual/app-create.spec.js:391:3 › private app detail after owner update at 390x844 (4.0s)
  ✓   26 visual/app-create.spec.js:113:3 › app registration form at 360x844 (6.4s)
  ✓   27 visual/app-create.spec.js:200:3 › app edit form at 360x844 (9.7s)
  ✓   28 visual/app-create.spec.js:306:3 › conceals an unresolved create draft during auth checks at 360x844 (4.9s)
  ✓   29 visual/app-create.spec.js:339:3 › shows confirmed create when its target is later unavailable at 360x844 (4.5s)
  ✓   30 visual/app-create.spec.js:391:3 › private app detail after owner update at 360x844 (3.8s)
  ✓   31 visual/auth.spec.js:202:3 › auth and private-read screens at 1440x1000 (44.6s)
  ✓   32 visual/auth.spec.js:202:3 › auth and private-read screens at 1024x900 (43.2s)
  ✓   33 visual/auth.spec.js:202:3 › auth and private-read screens at 768x1024 (44.1s)
  ✓   34 visual/auth.spec.js:202:3 › auth and private-read screens at 390x844 (40.2s)
  ✓   35 visual/auth.spec.js:202:3 › auth and private-read screens at 360x844 (40.1s)
  ✓   36 visual/auth.spec.js:485:5 › support configured notices at 1440x1000 (7.3s)
  ✓   37 visual/auth.spec.js:485:5 › support long notices at 1440x1000 (6.5s)
  ✓   38 visual/auth.spec.js:485:5 › support configured notices at 1024x900 (6.4s)
  ✓   39 visual/auth.spec.js:485:5 › support long notices at 1024x900 (6.9s)
  ✓   40 visual/auth.spec.js:485:5 › support configured notices at 768x1024 (7.0s)
  ✓   41 visual/auth.spec.js:485:5 › support long notices at 768x1024 (6.9s)
  ✓   42 visual/auth.spec.js:485:5 › support configured notices at 390x844 (6.4s)
  ✓   43 visual/auth.spec.js:485:5 › support long notices at 390x844 (6.0s)
  ✓   44 visual/auth.spec.js:485:5 › support configured notices at 360x844 (5.6s)
  ✓   45 visual/auth.spec.js:485:5 › support long notices at 360x844 (5.7s)
  ✓   46 visual/gallery.spec.js:258:1 › gallery-loading status is unique while authentication is checking (1.3s)
  ✓   47 visual/gallery.spec.js:765:3 › gallery matches the original at 1440x1000 (2.7s)
  ✓   48 visual/gallery.spec.js:774:3 › public detail matches the original at 1440x1000 (2.2s)
  ✓   49 visual/gallery.spec.js:785:3 › public detail copy success matches the original at 1440x1000 (2.3s)
  ✓   50 visual/gallery.spec.js:765:3 › gallery matches the original at 1024x900 (2.8s)
  ✓   51 visual/gallery.spec.js:774:3 › public detail matches the original at 1024x900 (2.1s)
  ✓   52 visual/gallery.spec.js:785:3 › public detail copy success matches the original at 1024x900 (2.2s)
  ✓   53 visual/gallery.spec.js:765:3 › gallery matches the original at 768x1024 (2.8s)
  ✓   54 visual/gallery.spec.js:774:3 › public detail matches the original at 768x1024 (1.9s)
  ✓   55 visual/gallery.spec.js:785:3 › public detail copy success matches the original at 768x1024 (2.1s)
  ✓   56 visual/gallery.spec.js:765:3 › gallery matches the original at 390x844 (2.4s)
  ✓   57 visual/gallery.spec.js:774:3 › public detail matches the original at 390x844 (1.6s)
  ✓   58 visual/gallery.spec.js:785:3 › public detail copy success matches the original at 390x844 (1.7s)
  ✓   59 visual/gallery.spec.js:765:3 › gallery matches the original at 360x844 (2.3s)
  ✓   60 visual/gallery.spec.js:774:3 › public detail matches the original at 360x844 (1.6s)
  ✓   61 visual/gallery.spec.js:785:3 › public detail copy success matches the original at 360x844 (1.7s)
  ✓   62 visual/gallery.spec.js:821:5 › gallery-loading matches its baseline at 1440x1000 (1.5s)
  ✓   63 visual/gallery.spec.js:821:5 › gallery-loading matches its baseline at 1024x900 (1.4s)
  ✓   64 visual/gallery.spec.js:821:5 › gallery-loading matches its baseline at 768x1024 (1.4s)
  ✓   65 visual/gallery.spec.js:821:5 › gallery-loading matches its baseline at 390x844 (1.3s)
  ✓   66 visual/gallery.spec.js:821:5 › gallery-loading matches its baseline at 360x844 (1.5s)
  ✓   67 visual/gallery.spec.js:821:5 › gallery-empty matches its baseline at 1440x1000 (3.9s)
  ✓   68 visual/gallery.spec.js:821:5 › gallery-empty matches its baseline at 1024x900 (4.1s)
  ✓   69 visual/gallery.spec.js:821:5 › gallery-empty matches its baseline at 768x1024 (4.3s)
  ✓   70 visual/gallery.spec.js:821:5 › gallery-empty matches its baseline at 390x844 (4.0s)
  ✓   71 visual/gallery.spec.js:821:5 › gallery-empty matches its baseline at 360x844 (3.6s)
  ✓   72 visual/gallery.spec.js:821:5 › gallery-empty-archive is captured product-only at 1440x1000 (1.5s)
  ✓   73 visual/gallery.spec.js:821:5 › gallery-empty-archive is captured product-only at 1024x900 (1.4s)
  ✓   74 visual/gallery.spec.js:821:5 › gallery-empty-archive is captured product-only at 768x1024 (1.4s)
  ✓   75 visual/gallery.spec.js:821:5 › gallery-empty-archive is captured product-only at 390x844 (1.3s)
  ✓   76 visual/gallery.spec.js:821:5 › gallery-empty-archive is captured product-only at 360x844 (1.3s)
  ✓   77 visual/gallery.spec.js:821:5 › gallery-failure matches its baseline at 1440x1000 (1.5s)
  ✓   78 visual/gallery.spec.js:821:5 › gallery-failure matches its baseline at 1024x900 (1.5s)
  ✓   79 visual/gallery.spec.js:821:5 › gallery-failure matches its baseline at 768x1024 (1.5s)
  ✓   80 visual/gallery.spec.js:821:5 › gallery-failure matches its baseline at 390x844 (1.3s)
  ✓   81 visual/gallery.spec.js:821:5 › gallery-failure matches its baseline at 360x844 (1.2s)
  ✓   82 visual/gallery.spec.js:821:5 › corrupt-storage-recovery is captured product-only at 1440x1000 (1.3s)
  ✓   83 visual/gallery.spec.js:821:5 › corrupt-storage-recovery is captured product-only at 1024x900 (1.2s)
  ✓   84 visual/gallery.spec.js:821:5 › corrupt-storage-recovery is captured product-only at 768x1024 (1.1s)
  ✓   85 visual/gallery.spec.js:821:5 › corrupt-storage-recovery is captured product-only at 390x844 (1.1s)
  ✓   86 visual/gallery.spec.js:821:5 › corrupt-storage-recovery is captured product-only at 360x844 (1.2s)
  ✓   87 visual/gallery.spec.js:821:5 › gallery-api-order matches its baseline at 1440x1000 (2.5s)
  ✓   88 visual/gallery.spec.js:821:5 › gallery-api-order matches its baseline at 1024x900 (2.4s)
  ✓   89 visual/gallery.spec.js:821:5 › gallery-api-order matches its baseline at 768x1024 (2.5s)
  ✓   90 visual/gallery.spec.js:821:5 › gallery-api-order matches its baseline at 390x844 (2.5s)
  ✓   91 visual/gallery.spec.js:821:5 › gallery-api-order matches its baseline at 360x844 (2.4s)
  ✓   92 visual/gallery.spec.js:821:5 › gallery-filtered matches its baseline at 1440x1000 (1.5s)
  ✓   93 visual/gallery.spec.js:821:5 › gallery-filtered matches its baseline at 1024x900 (1.7s)
  ✓   94 visual/gallery.spec.js:821:5 › gallery-filtered matches its baseline at 768x1024 (1.6s)
  ✓   95 visual/gallery.spec.js:821:5 › gallery-filtered matches its baseline at 390x844 (1.4s)
  ✓   96 visual/gallery.spec.js:821:5 › gallery-filtered matches its baseline at 360x844 (1.5s)
  ✓   97 visual/gallery.spec.js:821:5 › gallery-query-overflow matches its baseline at 1440x1000 (1.9s)
  ✓   98 visual/gallery.spec.js:821:5 › gallery-query-overflow matches its baseline at 1024x900 (1.7s)
  ✓   99 visual/gallery.spec.js:821:5 › gallery-query-overflow matches its baseline at 768x1024 (1.7s)
  ✓  100 visual/gallery.spec.js:821:5 › gallery-query-overflow matches its baseline at 390x844 (1.6s)
  ✓  101 visual/gallery.spec.js:821:5 › gallery-query-overflow matches its baseline at 360x844 (1.5s)
  ✓  102 visual/gallery.spec.js:821:5 › gallery-duplicate-continue matches its baseline at 1440x1000 (3.1s)
  ✓  103 visual/gallery.spec.js:821:5 › gallery-duplicate-continue matches its baseline at 1024x900 (3.1s)
  ✓  104 visual/gallery.spec.js:821:5 › gallery-duplicate-continue matches its baseline at 768x1024 (3.4s)
  ✓  105 visual/gallery.spec.js:821:5 › gallery-duplicate-continue matches its baseline at 390x844 (3.3s)
  ✓  106 visual/gallery.spec.js:821:5 › gallery-duplicate-continue matches its baseline at 360x844 (3.0s)
  ✓  107 visual/gallery.spec.js:821:5 › gallery-next-page-error matches its baseline at 1440x1000 (3.4s)
  ✓  108 visual/gallery.spec.js:821:5 › gallery-next-page-error matches its baseline at 1024x900 (3.6s)
  ✓  109 visual/gallery.spec.js:821:5 › gallery-next-page-error matches its baseline at 768x1024 (3.9s)
  ✓  110 visual/gallery.spec.js:821:5 › gallery-next-page-error matches its baseline at 390x844 (3.5s)
  ✓  111 visual/gallery.spec.js:821:5 › gallery-next-page-error matches its baseline at 360x844 (3.3s)
  ✓  112 visual/gallery.spec.js:821:5 › health-result-error is captured product-only at 1440x1000 (2.3s)
  ✓  113 visual/gallery.spec.js:821:5 › health-result-error is captured product-only at 1024x900 (2.1s)
  ✓  114 visual/gallery.spec.js:821:5 › health-result-error is captured product-only at 768x1024 (2.1s)
  ✓  115 visual/gallery.spec.js:821:5 › health-result-error is captured product-only at 390x844 (1.7s)
  ✓  116 visual/gallery.spec.js:821:5 › health-result-error is captured product-only at 360x844 (1.8s)
  ✓  117 visual/gallery.spec.js:821:5 › health-job-failed is captured product-only at 1440x1000 (2.0s)
  ✓  118 visual/gallery.spec.js:821:5 › health-job-failed is captured product-only at 1024x900 (2.1s)
  ✓  119 visual/gallery.spec.js:821:5 › health-job-failed is captured product-only at 768x1024 (2.1s)
  ✓  120 visual/gallery.spec.js:821:5 › health-job-failed is captured product-only at 390x844 (1.8s)
  ✓  121 visual/gallery.spec.js:821:5 › health-job-failed is captured product-only at 360x844 (1.9s)
  ✓  122 visual/gallery.spec.js:821:5 › health-query-error is captured product-only at 1440x1000 (2.4s)
  ✓  123 visual/gallery.spec.js:821:5 › health-query-error is captured product-only at 1024x900 (2.3s)
  ✓  124 visual/gallery.spec.js:821:5 › health-query-error is captured product-only at 768x1024 (2.2s)
  ✓  125 visual/gallery.spec.js:821:5 › health-query-error is captured product-only at 390x844 (2.0s)
  ✓  126 visual/gallery.spec.js:821:5 › health-query-error is captured product-only at 360x844 (2.0s)
  ✓  127 visual/gallery.spec.js:821:5 › health-stale is captured product-only at 1440x1000 (3.0s)
  ✓  128 visual/gallery.spec.js:821:5 › health-stale is captured product-only at 1024x900 (2.5s)
  ✓  129 visual/gallery.spec.js:821:5 › health-stale is captured product-only at 768x1024 (2.1s)
  ✓  130 visual/gallery.spec.js:821:5 › health-stale is captured product-only at 390x844 (1.9s)
  ✓  131 visual/gallery.spec.js:821:5 › health-stale is captured product-only at 360x844 (1.9s)
  ✓  132 visual/gallery.spec.js:827:1 › gallery-loading consecutive captures are identical at 1024x900 (2.2s)
  ✓  133 visual/gallery.spec.js:842:3 › gallery key component matches its original capture (1.6s)
  ✓  134 visual/gallery.spec.js:842:3 › detail key component matches its original capture (1.5s)

  134 passed (13.6m)
