product app-detail-private 1440 1569
product app-edit 1440 1528
product app-create 1440 1528
product app-create-validation-error 1440 1738
product app-detail-private 1024 1549
product app-edit 1024 1528
product app-create 1024 1528
product app-create-validation-error 1024 1738
product app-detail-private 768 1941
product app-edit 768 2600
product app-create 768 2600
product app-create-validation-error 768 2809
product app-detail-private 390 2052
product app-edit 390 2535
product app-create 390 2535
product app-create-validation-error 390 2744
product app-detail-private 360 2166
product app-edit 360 2501
product app-create 360 2501
product app-create-validation-error 360 2711
