npm notice run eduvibe-archive-frontend@1.0.0 test
npm notice run VITE_DATA_MODE=mock vitest run --pool=threads --maxWorkers=2 tests/detail-view.test.jsx tests/detail-route.test.jsx tests/acceptance-record.test.js

 RUN  v5.0.1 <worktree>/frontend

⎯⎯⎯⎯⎯⎯ Unhandled Errors ⎯⎯⎯⎯⎯⎯

Vitest caught 1 unhandled error during the test run.
This might cause false positive tests. Resolve unhandled errors to make sure your tests are not affected.

⎯⎯⎯⎯⎯⎯ Unhandled Error ⎯⎯⎯⎯⎯⎯⎯
Error: [vitest-pool]: Failed to start threads worker for test files <worktree>/frontend/tests/detail-view.test.jsx.
 ❯ node_modules/vitest/dist/chunks/index.DzobfTyw.js:11466:94
 ❯ Pool.schedule node_modules/vitest/dist/chunks/index.DzobfTyw.js:11466:5

Caused by: Error: [vitest-pool-runner]: Timeout waiting for worker to respond
 ❯ Timeout.<anonymous> node_modules/vitest/dist/chunks/index.DzobfTyw.js:10965:58
 ❯ listOnTimeout node:internal/timers:585:17
 ❯ processTimers node:internal/timers:521:7

⎯⎯⎯⎯⎯⎯⎯⎯⎯⎯⎯⎯⎯⎯⎯⎯⎯⎯⎯⎯⎯⎯⎯⎯⎯⎯⎯⎯⎯⎯


 Test Files  2 passed (2)
      Tests  104 passed (104)
     Errors  1 error
   Start at  22:40:38
   Duration  97.62s (environment 62%, import 13%, setup 11%, tests 8%, transform 6%, worker 1%)
