npm notice run eduvibe-archive-frontend@1.0.0 test:visual
npm notice run playwright test --config=playwright.visual.config.js visual/app-create.spec.js visual/app-create-capture.spec.js --retries=0 --workers=1 --output=test-results/issue105-full-raster-final
[WebServer] npm notice run eduvibe-archive-frontend@1.0.0 dev
[WebServer] npm notice run VITE_DATA_MODE=mock vite --host localhost --port 5173 --strictPort
[WebServer] (node:202875) Warning: The 'NO_COLOR' env is ignored due to the 'FORCE_COLOR' env being set.
[WebServer] (Use `node --trace-warnings ...` to show where the warning was created)

Running 30 tests using 1 worker

(node:202964) Warning: The 'NO_COLOR' env is ignored due to the 'FORCE_COLOR' env being set.
(Use `node --trace-warnings ...` to show where the warning was created)
  ✓   1 visual/app-create-capture.spec.js:54:3 › capture verdict and retained evidence: height (549ms)
  ✓   2 visual/app-create-capture.spec.js:54:3 › capture verdict and retained evidence: width (376ms)
  ✓   3 visual/app-create-capture.spec.js:54:3 › capture verdict and retained evidence: one-pixel (373ms)
  ✓   4 visual/app-create-capture.spec.js:54:3 › capture verdict and retained evidence: identical (338ms)
  ✓   5 visual/app-create-capture.spec.js:54:3 › capture verdict and retained evidence: product-only (318ms)
(node:203074) Warning: The 'NO_COLOR' env is ignored due to the 'FORCE_COLOR' env being set.
(Use `node --trace-warnings ...` to show where the warning was created)
  ✓   6 visual/app-create.spec.js:110:3 › app registration form at 1440x1000 (12.2s)
  ✓   7 visual/app-create.spec.js:197:3 › app edit form at 1440x1000 (7.8s)
  ✓   8 visual/app-create.spec.js:303:3 › conceals an unresolved create draft during auth checks at 1440x1000 (2.2s)
  ✓   9 visual/app-create.spec.js:336:3 › shows confirmed create when its target is later unavailable at 1440x1000 (2.5s)
  ✓  10 visual/app-create.spec.js:388:3 › private app detail after owner update at 1440x1000 (2.5s)
  ✓  11 visual/app-create.spec.js:110:3 › app registration form at 1024x900 (5.2s)
  ✓  12 visual/app-create.spec.js:197:3 › app edit form at 1024x900 (8.7s)
  ✓  13 visual/app-create.spec.js:303:3 › conceals an unresolved create draft during auth checks at 1024x900 (2.6s)
  ✓  14 visual/app-create.spec.js:336:3 › shows confirmed create when its target is later unavailable at 1024x900 (2.9s)
  ✓  15 visual/app-create.spec.js:388:3 › private app detail after owner update at 1024x900 (3.9s)
  ✓  16 visual/app-create.spec.js:110:3 › app registration form at 768x1024 (8.3s)
  ✓  17 visual/app-create.spec.js:197:3 › app edit form at 768x1024 (10.4s)
  ✓  18 visual/app-create.spec.js:303:3 › conceals an unresolved create draft during auth checks at 768x1024 (2.3s)
  ✓  19 visual/app-create.spec.js:336:3 › shows confirmed create when its target is later unavailable at 768x1024 (2.4s)
  ✓  20 visual/app-create.spec.js:388:3 › private app detail after owner update at 768x1024 (2.3s)
  ✓  21 visual/app-create.spec.js:110:3 › app registration form at 390x844 (4.0s)
  ✓  22 visual/app-create.spec.js:197:3 › app edit form at 390x844 (5.5s)
  ✓  23 visual/app-create.spec.js:303:3 › conceals an unresolved create draft during auth checks at 390x844 (2.0s)
  ✓  24 visual/app-create.spec.js:336:3 › shows confirmed create when its target is later unavailable at 390x844 (2.1s)
  ✓  25 visual/app-create.spec.js:388:3 › private app detail after owner update at 390x844 (1.9s)
  ✓  26 visual/app-create.spec.js:110:3 › app registration form at 360x844 (3.9s)
  ✓  27 visual/app-create.spec.js:197:3 › app edit form at 360x844 (6.1s)
  ✓  28 visual/app-create.spec.js:303:3 › conceals an unresolved create draft during auth checks at 360x844 (2.3s)
  ✓  29 visual/app-create.spec.js:336:3 › shows confirmed create when its target is later unavailable at 360x844 (2.5s)
  ✓  30 visual/app-create.spec.js:388:3 › private app detail after owner update at 360x844 (2.3s)

  30 passed (2.3m)
