npm notice run eduvibe-archive-frontend@1.0.0 test:visual
npm notice run playwright test --config=playwright.visual.config.js visual/app-create.spec.js visual/app-create-capture.spec.js --retries=0 --workers=1 --output=test-results/issue105-native
[WebServer] npm notice run eduvibe-archive-frontend@1.0.0 dev
[WebServer] npm notice run VITE_DATA_MODE=mock vite --host localhost --port 5173 --strictPort
[WebServer] (node:193019) Warning: The 'NO_COLOR' env is ignored due to the 'FORCE_COLOR' env being set.
[WebServer] (Use `node --trace-warnings ...` to show where the warning was created)

Running 30 tests using 1 worker

(node:193050) Warning: The 'NO_COLOR' env is ignored due to the 'FORCE_COLOR' env being set.
(Use `node --trace-warnings ...` to show where the warning was created)
  ✓   1 visual/app-create-capture.spec.js:54:3 › capture verdict and retained evidence: height (531ms)
  ✓   2 visual/app-create-capture.spec.js:54:3 › capture verdict and retained evidence: width (355ms)
  ✓   3 visual/app-create-capture.spec.js:54:3 › capture verdict and retained evidence: one-pixel (354ms)
  ✓   4 visual/app-create-capture.spec.js:54:3 › capture verdict and retained evidence: identical (322ms)
  ✓   5 visual/app-create-capture.spec.js:54:3 › capture verdict and retained evidence: product-only (322ms)
  ✓   6 visual/app-create.spec.js:101:3 › app registration form at 1440x1000 (18.6s)
  ✓   7 visual/app-create.spec.js:188:3 › app edit form at 1440x1000 (11.0s)
  ✓   8 visual/app-create.spec.js:294:3 › conceals an unresolved create draft during auth checks at 1440x1000 (2.9s)
  ✓   9 visual/app-create.spec.js:327:3 › shows confirmed create when its target is later unavailable at 1440x1000 (2.8s)
  ✘  10 visual/app-create.spec.js:379:3 › private app detail after owner update at 1440x1000 (3.9s)
(node:193426) Warning: The 'NO_COLOR' env is ignored due to the 'FORCE_COLOR' env being set.
(Use `node --trace-warnings ...` to show where the warning was created)
  ✘  11 visual/app-create.spec.js:101:3 › app registration form at 1024x900 (2.8s)
(node:193515) Warning: The 'NO_COLOR' env is ignored due to the 'FORCE_COLOR' env being set.
(Use `node --trace-warnings ...` to show where the warning was created)
  ✓  12 visual/app-create.spec.js:188:3 › app edit form at 1024x900 (8.1s)
  ✓  13 visual/app-create.spec.js:294:3 › conceals an unresolved create draft during auth checks at 1024x900 (2.3s)
  ✓  14 visual/app-create.spec.js:327:3 › shows confirmed create when its target is later unavailable at 1024x900 (2.6s)
  ✓  15 visual/app-create.spec.js:379:3 › private app detail after owner update at 1024x900 (2.6s)
  ✓  16 visual/app-create.spec.js:101:3 › app registration form at 768x1024 (7.5s)
  ✘  17 visual/app-create.spec.js:188:3 › app edit form at 768x1024 (3.8s)
(node:193777) Warning: The 'NO_COLOR' env is ignored due to the 'FORCE_COLOR' env being set.
(Use `node --trace-warnings ...` to show where the warning was created)
  ✓  18 visual/app-create.spec.js:294:3 › conceals an unresolved create draft during auth checks at 768x1024 (3.3s)
  ✓  19 visual/app-create.spec.js:327:3 › shows confirmed create when its target is later unavailable at 768x1024 (2.9s)
  ✓  20 visual/app-create.spec.js:379:3 › private app detail after owner update at 768x1024 (2.6s)
  ✓  21 visual/app-create.spec.js:101:3 › app registration form at 390x844 (4.4s)
  ✓  22 visual/app-create.spec.js:188:3 › app edit form at 390x844 (6.6s)
  ✓  23 visual/app-create.spec.js:294:3 › conceals an unresolved create draft during auth checks at 390x844 (2.2s)
  ✓  24 visual/app-create.spec.js:327:3 › shows confirmed create when its target is later unavailable at 390x844 (2.2s)
  ✓  25 visual/app-create.spec.js:379:3 › private app detail after owner update at 390x844 (1.9s)
  ✘  26 visual/app-create.spec.js:101:3 › app registration form at 360x844 (2.3s)
(node:194093) Warning: The 'NO_COLOR' env is ignored due to the 'FORCE_COLOR' env being set.
(Use `node --trace-warnings ...` to show where the warning was created)
  ✓  27 visual/app-create.spec.js:188:3 › app edit form at 360x844 (5.8s)
  ✓  28 visual/app-create.spec.js:294:3 › conceals an unresolved create draft during auth checks at 360x844 (2.2s)
  ✓  29 visual/app-create.spec.js:327:3 › shows confirmed create when its target is later unavailable at 360x844 (2.5s)
  ✓  30 visual/app-create.spec.js:379:3 › private app detail after owner update at 360x844 (2.1s)


  1) visual/app-create.spec.js:379:3 › private app detail after owner update at 1440x1000 ──────────

    Error: expect(received).toBe(expected) // Object.is equality

    Expected: 0
    Received: 36

       at app-create-capture.js:119

      117 |     expect(comparison.height).toBe(comparison.expectedHeight);
      118 |     expect(comparison.comparisonStatus).toBe("compared");
    > 119 |     expect(comparison.differentPixels).toBe(0);
          |                                        ^
      120 |   } else {
      121 |     expect(comparison.comparisonStatus).toBe("product_only");
      122 |     expect(comparison.differentPixels).toBeNull();
        at capture (<worktree>/frontend/visual/app-create-capture.js:119:40)
        at <worktree>/frontend/visual/app-create.spec.js:397:5

    Error Context: test-results/issue105-native/app-create-private-app-det-e0454-r-owner-update-at-1440x1000/error-context.md

    Error Context: test-results/issue105-native/app-create-private-app-det-e0454-r-owner-update-at-1440x1000/error-context.md

  2) visual/app-create.spec.js:101:3 › app registration form at 1024x900 ───────────────────────────

    Error: expect(received).toBe(expected) // Object.is equality

    Expected: 0
    Received: 36

       at app-create-capture.js:119

      117 |     expect(comparison.height).toBe(comparison.expectedHeight);
      118 |     expect(comparison.comparisonStatus).toBe("compared");
    > 119 |     expect(comparison.differentPixels).toBe(0);
          |                                        ^
      120 |   } else {
      121 |     expect(comparison.comparisonStatus).toBe("product_only");
      122 |     expect(comparison.differentPixels).toBeNull();
        at capture (<worktree>/frontend/visual/app-create-capture.js:119:40)
        at <worktree>/frontend/visual/app-create.spec.js:127:5

    Error Context: test-results/issue105-native/app-create-app-registration-form-at-1024x900/error-context.md

    Error Context: test-results/issue105-native/app-create-app-registration-form-at-1024x900/error-context.md

  3) visual/app-create.spec.js:188:3 › app edit form at 768x1024 ───────────────────────────────────

    Error: expect(received).toBe(expected) // Object.is equality

    Expected: 0
    Received: 36

       at app-create-capture.js:119

      117 |     expect(comparison.height).toBe(comparison.expectedHeight);
      118 |     expect(comparison.comparisonStatus).toBe("compared");
    > 119 |     expect(comparison.differentPixels).toBe(0);
          |                                        ^
      120 |   } else {
      121 |     expect(comparison.comparisonStatus).toBe("product_only");
      122 |     expect(comparison.differentPixels).toBeNull();
        at capture (<worktree>/frontend/visual/app-create-capture.js:119:40)
        at <worktree>/frontend/visual/app-create.spec.js:217:5

    Error Context: test-results/issue105-native/app-create-app-edit-form-at-768x1024/error-context.md

    Error Context: test-results/issue105-native/app-create-app-edit-form-at-768x1024/error-context.md

  4) visual/app-create.spec.js:101:3 › app registration form at 360x844 ────────────────────────────

    Error: expect(received).toBe(expected) // Object.is equality

    Expected: 0
    Received: 36

       at app-create-capture.js:119

      117 |     expect(comparison.height).toBe(comparison.expectedHeight);
      118 |     expect(comparison.comparisonStatus).toBe("compared");
    > 119 |     expect(comparison.differentPixels).toBe(0);
          |                                        ^
      120 |   } else {
      121 |     expect(comparison.comparisonStatus).toBe("product_only");
      122 |     expect(comparison.differentPixels).toBeNull();
        at capture (<worktree>/frontend/visual/app-create-capture.js:119:40)
        at <worktree>/frontend/visual/app-create.spec.js:127:5

    Error Context: test-results/issue105-native/app-create-app-registration-form-at-360x844/error-context.md

    Error Context: test-results/issue105-native/app-create-app-registration-form-at-360x844/error-context.md

  4 failed
    visual/app-create.spec.js:379:3 › private app detail after owner update at 1440x1000 ───────────
    visual/app-create.spec.js:101:3 › app registration form at 1024x900 ────────────────────────────
    visual/app-create.spec.js:188:3 › app edit form at 768x1024 ────────────────────────────────────
    visual/app-create.spec.js:101:3 › app registration form at 360x844 ─────────────────────────────
  26 passed (2.4m)
