State Recv-Q Send-Q Local Address:Port Peer Address:PortProcess
npm notice run eduvibe-archive-frontend@1.0.0 test:e2e:api
npm notice run node scripts/test-api-e2e.mjs gallery-zero-result.spec.js --grep history entry
[WebServer] INFO:     Started server process [116061]
[WebServer] INFO:     Waiting for application startup.
[WebServer] INFO:     Application startup complete.
[WebServer] INFO:     Uvicorn running on http://127.0.0.1:8000 (Press CTRL+C to quit)
[WebServer] npm notice run eduvibe-archive-frontend@1.0.0 dev:api
[WebServer] npm notice run VITE_DATA_MODE=api vite --host localhost --port 5174 --strictPort
[WebServer] (node:116083) Warning: The 'NO_COLOR' env is ignored due to the 'FORCE_COLOR' env being set.
[WebServer] (Use `node --trace-warnings ...` to show where the warning was created)

Running 1 test using 1 worker

(node:116103) Warning: The 'NO_COLOR' env is ignored due to the 'FORCE_COLOR' env being set.
(Use `node --trace-warnings ...` to show where the warning was created)
  ✘  1 e2e/gallery-zero-result.spec.js:171:1 › reset replaces its history entry and cancels draft debounce and IME (7.6s)


  1) e2e/gallery-zero-result.spec.js:171:1 › reset replaces its history entry and cancels draft debounce and IME

    Error: expect(received).toBe(expected) // Object.is equality

    Expected: "검색어: “없는앱-증거” · 과목: 수학 · 학년: 초3"
    Received: "검색어: 없음 · 과목: 수학 · 학년: 초3"

      201 |     return applied;
      202 |   });
    > 203 |   expect(applied).toBe("검색어: “없는앱-증거” · 과목: 수학 · 학년: 초3");
          |                   ^
      204 |   await page.clock.runFor(400);
      205 |   await page.clock.resume();
      206 |   await expect(page).toHaveURL(/\/$/);
        at /mnt/c/dev/vibe_coding_archive-impl95/frontend/e2e/gallery-zero-result.spec.js:203:19

    Error Context: test-results/gallery-zero-result-reset--79b7e-cels-draft-debounce-and-IME/error-context.md

  1 failed
    e2e/gallery-zero-result.spec.js:171:1 › reset replaces its history entry and cancels draft debounce and IME
