State Recv-Q Send-Q Local Address:Port Peer Address:PortProcess
npm notice run eduvibe-archive-frontend@1.0.0 test:e2e:api
npm notice run node scripts/test-api-e2e.mjs gallery-zero-result.spec.js --grep history entry|late prior
[WebServer] INFO:     Started server process [108736]
[WebServer] INFO:     Waiting for application startup.
[WebServer] INFO:     Application startup complete.
[WebServer] INFO:     Uvicorn running on http://127.0.0.1:8000 (Press CTRL+C to quit)
[WebServer] npm notice run eduvibe-archive-frontend@1.0.0 dev:api
[WebServer] npm notice run VITE_DATA_MODE=api vite --host localhost --port 5174 --strictPort
[WebServer] (node:108796) Warning: The 'NO_COLOR' env is ignored due to the 'FORCE_COLOR' env being set.
[WebServer] (Use `node --trace-warnings ...` to show where the warning was created)

Running 2 tests using 1 worker

(node:108831) Warning: The 'NO_COLOR' env is ignored due to the 'FORCE_COLOR' env being set.
(Use `node --trace-warnings ...` to show where the warning was created)
  ✘  1 e2e/gallery-zero-result.spec.js:165:1 › reset replaces its history entry and cancels draft debounce and IME (24.5s)
(node:109070) Warning: The 'NO_COLOR' env is ignored due to the 'FORCE_COLOR' env being set.
(Use `node --trace-warnings ...` to show where the warning was created)
  ✓  2 e2e/gallery-zero-result.spec.js:300:1 › a late prior-condition response cannot replace the reset default list (6.8s)


  1) e2e/gallery-zero-result.spec.js:165:1 › reset replaces its history entry and cancels draft debounce and IME

    Error: expect(received).toBe(expected) // Object.is equality

    Expected: "검색어: “없는앱-증거” · 과목: 수학 · 학년: 초3"
    Received: undefined

      194 |     return applied;
      195 |   });
    > 196 |   expect(applied).toBe("검색어: “없는앱-증거” · 과목: 수학 · 학년: 초3");
          |                   ^
      197 |   await page.clock.runFor(400);
      198 |   await expect(page).toHaveURL(/\/$/);
      199 |   await expect(search).toHaveValue("");
        at /mnt/c/dev/vibe_coding_archive-impl95/frontend/e2e/gallery-zero-result.spec.js:196:19

    Error Context: test-results/gallery-zero-result-reset--79b7e-cels-draft-debounce-and-IME/error-context.md

  1 failed
    e2e/gallery-zero-result.spec.js:165:1 › reset replaces its history entry and cancels draft debounce and IME
  1 passed (46.4s)
