npm notice run eduvibe-archive-frontend@1.0.0 check
npm notice run npm run openapi:lint && npm run openapi:check && npm run typecheck && npm run lint && npm run format:check
npm notice run eduvibe-archive-frontend@1.0.0 openapi:lint
npm notice run redocly lint ../contracts/openapi.yaml

    ╔═══════════════════════════════════════════════════════╗
    ║                                                       ║
    ║  A new version of Redocly CLI (2.55.0) is available.  ║
    ║  Update now: `npm i -g @redocly/cli@latest`.          ║
    ║  Changelog: https://redocly.com/docs/cli/changelog/   ║
    ║                                                       ║
    ╚═══════════════════════════════════════════════════════╝

validating ../contracts/openapi.yaml...
[1] ../contracts/openapi.yaml:17:7 at #/paths/~1healthz/get/responses

Operation must have at least one `4XX` response.

15 |   - url: /
16 | security: []
17 | responses:
   | ^^^^^^^^^
18 |   "200":
19 |     description: The API process is alive.

Warning was generated by the operation-4xx-response rule.

Reference: https://redocly.com/docs/cli/rules/oas/operation-4xx-response


[2] ../contracts/openapi.yaml:32:7 at #/paths/~1readyz/get/responses

Operation must have at least one `4XX` response.

30 |   - url: /
31 | security: []
32 | responses:
   | ^^^^^^^^^
33 |   "200":
34 |     description: The database is ready.

Warning was generated by the operation-4xx-response rule.

Reference: https://redocly.com/docs/cli/rules/oas/operation-4xx-response


../contracts/openapi.yaml: validated in 453ms

Woohoo! Your API description is valid. 🎉
You have 2 warnings.

npm notice run eduvibe-archive-frontend@1.0.0 openapi:check
npm notice run node scripts/check-openapi.mjs
OpenAPI types match the generated contract.
npm notice run eduvibe-archive-frontend@1.0.0 typecheck
npm notice run tsc --noEmit
npm notice run eduvibe-archive-frontend@1.0.0 lint
npm notice run eslint .
npm notice run eduvibe-archive-frontend@1.0.0 format:check
npm notice run prettier --check .
Checking formatting...
All matched files use Prettier code style!
