npm notice run eduvibe-archive-frontend@1.0.0 test
npm notice run VITE_DATA_MODE=mock vitest run tests/gallery-view.test.jsx -t clears draft --pool=threads

 RUN  v5.0.1 /mnt/c/dev/vibe_coding_archive-impl95/frontend

 ❯ tests/gallery-view.test.jsx (17 tests | 2 failed | 15 skipped) 10036ms
   ❯ public gallery states (16)
     × clears draft search, restores defaults and focuses search on keyboard reset (composing=false) 5021ms
     × clears draft search, restores defaults and focuses search on keyboard reset (composing=true) 5006ms

⎯⎯⎯⎯⎯⎯⎯ Failed Tests 2 ⎯⎯⎯⎯⎯⎯⎯

 FAIL  tests/gallery-view.test.jsx > public gallery states > clears draft search, restores defaults and focuses search on keyboard reset (composing=false)
 FAIL  tests/gallery-view.test.jsx > public gallery states > clears draft search, restores defaults and focuses search on keyboard reset (composing=true)
Error: Test timed out in 5000ms.
If this is a long-running test, pass a timeout value as the last argument or configure it globally with "testTimeout".
 ❯ tests/gallery-view.test.jsx:21:24
     19|
     20| describe("public gallery states", () => {
     21|   it.each([false, true])(
       |                        ^
     22|     "clears draft search, restores defaults and focuses search on keyb…
     23|     async (composing) => {

⎯⎯⎯⎯⎯⎯⎯⎯⎯⎯⎯⎯⎯⎯⎯⎯⎯⎯⎯⎯⎯⎯⎯⎯[1/2]⎯


 Test Files  1 failed (1)
      Tests  2 failed | 15 skipped (17)
   Start at  19:11:47
   Duration  13.87s (tests 75%, transform 10%, environment 9%, import 5%, setup 1%)
