npm notice run eduvibe-archive-frontend@1.0.0 test
npm notice run VITE_DATA_MODE=mock vitest run tests/gallery-view.test.jsx -t names the applied

 RUN  v5.0.1 /mnt/c/dev/vibe_coding_archive-impl95/frontend

⎯⎯⎯⎯⎯⎯ Unhandled Errors ⎯⎯⎯⎯⎯⎯

Vitest caught 1 unhandled error during the test run.
This might cause false positive tests. Resolve unhandled errors to make sure your tests are not affected.

⎯⎯⎯⎯⎯⎯ Unhandled Error ⎯⎯⎯⎯⎯⎯⎯
Error: [vitest-pool]: Failed to start forks worker for test files /mnt/c/dev/vibe_coding_archive-impl95/frontend/tests/gallery-view.test.jsx.
 ❯ node_modules/vitest/dist/chunks/index.DzobfTyw.js:11466:94
 ❯ Pool.schedule node_modules/vitest/dist/chunks/index.DzobfTyw.js:11466:5

Caused by: Error: [vitest-pool-runner]: Timeout waiting for worker to respond
 ❯ Timeout.<anonymous> node_modules/vitest/dist/chunks/index.DzobfTyw.js:10965:58
 ❯ listOnTimeout node:internal/timers:585:17
 ❯ processTimers node:internal/timers:521:7

⎯⎯⎯⎯⎯⎯⎯⎯⎯⎯⎯⎯⎯⎯⎯⎯⎯⎯⎯⎯⎯⎯⎯⎯⎯⎯⎯⎯⎯⎯


 Test Files  no tests
      Tests  no tests
     Errors  1 error
   Start at  19:02:54
   Duration  96.07s
