State Recv-Q Send-Q Local Address:Port Peer Address:PortProcess
npm notice run eduvibe-archive-frontend@1.0.0 test:visual
npm notice run playwright test --config=playwright.visual.config.js
[WebServer] npm notice run eduvibe-archive-frontend@1.0.0 dev
[WebServer] npm notice run VITE_DATA_MODE=mock vite --host localhost --port 5173 --strictPort
[WebServer] (node:110782) Warning: The 'NO_COLOR' env is ignored due to the 'FORCE_COLOR' env being set.
[WebServer] (Use `node --trace-warnings ...` to show where the warning was created)

Running 122 tests using 1 worker

(node:110801) Warning: The 'NO_COLOR' env is ignored due to the 'FORCE_COLOR' env being set.
(Use `node --trace-warnings ...` to show where the warning was created)
  ✓    1 visual/admin.spec.js:166:3 › admin approval screen at 1440x1000 (28.9s)
  ✓    2 visual/admin.spec.js:166:3 › admin approval screen at 1024x900 (19.2s)
  ✓    3 visual/admin.spec.js:166:3 › admin approval screen at 768x1024 (16.9s)
  ✓    4 visual/admin.spec.js:166:3 › admin approval screen at 390x844 (15.2s)
  ✓    5 visual/admin.spec.js:166:3 › admin approval screen at 360x844 (15.2s)
  ✓    6 visual/app-create.spec.js:184:3 › app registration form at 1440x1000 (6.4s)
  ✓    7 visual/app-create.spec.js:271:3 › app edit form at 1440x1000 (10.0s)
  ✓    8 visual/app-create.spec.js:377:3 › conceals an unresolved create draft during auth checks at 1440x1000 (3.3s)
  ✓    9 visual/app-create.spec.js:410:3 › shows confirmed create when its target is later unavailable at 1440x1000 (4.1s)
  ✓   10 visual/app-create.spec.js:462:3 › private app detail after owner update at 1440x1000 (4.3s)
  ✓   11 visual/app-create.spec.js:184:3 › app registration form at 1024x900 (6.2s)
  ✓   12 visual/app-create.spec.js:271:3 › app edit form at 1024x900 (7.6s)
  ✓   13 visual/app-create.spec.js:377:3 › conceals an unresolved create draft during auth checks at 1024x900 (3.1s)
  ✓   14 visual/app-create.spec.js:410:3 › shows confirmed create when its target is later unavailable at 1024x900 (4.1s)
  ✓   15 visual/app-create.spec.js:462:3 › private app detail after owner update at 1024x900 (3.5s)
  ✓   16 visual/app-create.spec.js:184:3 › app registration form at 768x1024 (13.5s)
  ✓   17 visual/app-create.spec.js:271:3 › app edit form at 768x1024 (12.7s)
  ✓   18 visual/app-create.spec.js:377:3 › conceals an unresolved create draft during auth checks at 768x1024 (5.5s)
  ✓   19 visual/app-create.spec.js:410:3 › shows confirmed create when its target is later unavailable at 768x1024 (5.7s)
  ✓   20 visual/app-create.spec.js:462:3 › private app detail after owner update at 768x1024 (5.5s)
  ✓   21 visual/app-create.spec.js:184:3 › app registration form at 390x844 (7.9s)
  ✓   22 visual/app-create.spec.js:271:3 › app edit form at 390x844 (10.6s)
  ✓   23 visual/app-create.spec.js:377:3 › conceals an unresolved create draft during auth checks at 390x844 (4.5s)
  ✓   24 visual/app-create.spec.js:410:3 › shows confirmed create when its target is later unavailable at 390x844 (5.3s)
  ✓   25 visual/app-create.spec.js:462:3 › private app detail after owner update at 390x844 (4.9s)
  ✓   26 visual/app-create.spec.js:184:3 › app registration form at 360x844 (9.5s)
  ✓   27 visual/app-create.spec.js:271:3 › app edit form at 360x844 (13.3s)
  ✓   28 visual/app-create.spec.js:377:3 › conceals an unresolved create draft during auth checks at 360x844 (5.1s)
  ✓   29 visual/app-create.spec.js:410:3 › shows confirmed create when its target is later unavailable at 360x844 (5.2s)
  ✓   30 visual/app-create.spec.js:462:3 › private app detail after owner update at 360x844 (5.5s)
  ✓   31 visual/app-delete.spec.js:169:3 › owner app deletion flow at 1440x1000 (27.5s)
  ✓   32 visual/app-delete.spec.js:169:3 › owner app deletion flow at 1024x900 (21.0s)
  ✓   33 visual/app-delete.spec.js:169:3 › owner app deletion flow at 768x1024 (18.5s)
  ✓   34 visual/app-delete.spec.js:169:3 › owner app deletion flow at 390x844 (17.3s)
  ✓   35 visual/app-delete.spec.js:169:3 › owner app deletion flow at 360x844 (14.7s)
  ✓   36 visual/auth.spec.js:191:3 › auth and private-read screens at 1440x1000 (40.9s)
  ✓   37 visual/auth.spec.js:191:3 › auth and private-read screens at 1024x900 (28.8s)
  ✓   38 visual/auth.spec.js:191:3 › auth and private-read screens at 768x1024 (27.7s)
  ✓   39 visual/auth.spec.js:191:3 › auth and private-read screens at 390x844 (27.0s)
  ✓   40 visual/auth.spec.js:191:3 › auth and private-read screens at 360x844 (23.5s)
  ✓   41 visual/gallery.spec.js:684:3 › gallery matches the original at 1440x1000 (2.7s)
  ✓   42 visual/gallery.spec.js:693:3 › public detail matches the original at 1440x1000 (1.9s)
  ✓   43 visual/gallery.spec.js:704:3 › public detail copy success matches the original at 1440x1000 (1.9s)
  ✓   44 visual/gallery.spec.js:684:3 › gallery matches the original at 1024x900 (2.6s)
  ✓   45 visual/gallery.spec.js:693:3 › public detail matches the original at 1024x900 (1.8s)
  ✓   46 visual/gallery.spec.js:704:3 › public detail copy success matches the original at 1024x900 (1.9s)
  ✓   47 visual/gallery.spec.js:684:3 › gallery matches the original at 768x1024 (3.1s)
  ✓   48 visual/gallery.spec.js:693:3 › public detail matches the original at 768x1024 (2.6s)
  ✓   49 visual/gallery.spec.js:704:3 › public detail copy success matches the original at 768x1024 (2.3s)
  ✓   50 visual/gallery.spec.js:684:3 › gallery matches the original at 390x844 (2.6s)
  ✓   51 visual/gallery.spec.js:693:3 › public detail matches the original at 390x844 (1.3s)
  ✓   52 visual/gallery.spec.js:704:3 › public detail copy success matches the original at 390x844 (1.5s)
  ✓   53 visual/gallery.spec.js:684:3 › gallery matches the original at 360x844 (2.2s)
  ✓   54 visual/gallery.spec.js:693:3 › public detail matches the original at 360x844 (1.3s)
  ✓   55 visual/gallery.spec.js:704:3 › public detail copy success matches the original at 360x844 (1.4s)
  ✓   56 visual/gallery.spec.js:738:5 › gallery-loading matches its baseline at 1440x1000 (1.4s)
  ✓   57 visual/gallery.spec.js:738:5 › gallery-loading matches its baseline at 1024x900 (1.2s)
  ✓   58 visual/gallery.spec.js:738:5 › gallery-loading matches its baseline at 768x1024 (1.3s)
  ✓   59 visual/gallery.spec.js:738:5 › gallery-loading matches its baseline at 390x844 (1.1s)
  ✓   60 visual/gallery.spec.js:738:5 › gallery-loading matches its baseline at 360x844 (1.1s)
  ✓   61 visual/gallery.spec.js:738:5 › gallery-empty matches its baseline at 1440x1000 (3.7s)
  ✓   62 visual/gallery.spec.js:738:5 › gallery-empty matches its baseline at 1024x900 (4.3s)
  ✓   63 visual/gallery.spec.js:738:5 › gallery-empty matches its baseline at 768x1024 (5.1s)
  ✓   64 visual/gallery.spec.js:738:5 › gallery-empty matches its baseline at 390x844 (3.4s)
  ✓   65 visual/gallery.spec.js:738:5 › gallery-empty matches its baseline at 360x844 (3.0s)
  ✓   66 visual/gallery.spec.js:738:5 › gallery-failure matches its baseline at 1440x1000 (1.1s)
  ✓   67 visual/gallery.spec.js:738:5 › gallery-failure matches its baseline at 1024x900 (1.2s)
  ✓   68 visual/gallery.spec.js:738:5 › gallery-failure matches its baseline at 768x1024 (1.1s)
  ✓   69 visual/gallery.spec.js:738:5 › gallery-failure matches its baseline at 390x844 (1.1s)
  ✓   70 visual/gallery.spec.js:738:5 › gallery-failure matches its baseline at 360x844 (1.1s)
  ✓   71 visual/gallery.spec.js:738:5 › corrupt-storage-recovery is captured product-only at 1440x1000 (1.2s)
  ✓   72 visual/gallery.spec.js:738:5 › corrupt-storage-recovery is captured product-only at 1024x900 (1.0s)
  ✓   73 visual/gallery.spec.js:738:5 › corrupt-storage-recovery is captured product-only at 768x1024 (1.0s)
  ✓   74 visual/gallery.spec.js:738:5 › corrupt-storage-recovery is captured product-only at 390x844 (1.0s)
  ✓   75 visual/gallery.spec.js:738:5 › corrupt-storage-recovery is captured product-only at 360x844 (982ms)
  ✓   76 visual/gallery.spec.js:738:5 › gallery-api-order matches its baseline at 1440x1000 (2.5s)
  ✓   77 visual/gallery.spec.js:738:5 › gallery-api-order matches its baseline at 1024x900 (2.4s)
  ✓   78 visual/gallery.spec.js:738:5 › gallery-api-order matches its baseline at 768x1024 (2.5s)
  ✓   79 visual/gallery.spec.js:738:5 › gallery-api-order matches its baseline at 390x844 (2.3s)
  ✓   80 visual/gallery.spec.js:738:5 › gallery-api-order matches its baseline at 360x844 (2.2s)
  ✓   81 visual/gallery.spec.js:738:5 › gallery-filtered matches its baseline at 1440x1000 (1.3s)
  ✓   82 visual/gallery.spec.js:738:5 › gallery-filtered matches its baseline at 1024x900 (1.3s)
  ✓   83 visual/gallery.spec.js:738:5 › gallery-filtered matches its baseline at 768x1024 (1.2s)
  ✓   84 visual/gallery.spec.js:738:5 › gallery-filtered matches its baseline at 390x844 (1.1s)
  ✓   85 visual/gallery.spec.js:738:5 › gallery-filtered matches its baseline at 360x844 (1.1s)
  ✓   86 visual/gallery.spec.js:738:5 › gallery-query-overflow matches its baseline at 1440x1000 (1.4s)
  ✓   87 visual/gallery.spec.js:738:5 › gallery-query-overflow matches its baseline at 1024x900 (1.3s)
  ✓   88 visual/gallery.spec.js:738:5 › gallery-query-overflow matches its baseline at 768x1024 (1.3s)
  ✓   89 visual/gallery.spec.js:738:5 › gallery-query-overflow matches its baseline at 390x844 (1.2s)
  ✓   90 visual/gallery.spec.js:738:5 › gallery-query-overflow matches its baseline at 360x844 (1.1s)
  ✓   91 visual/gallery.spec.js:738:5 › gallery-duplicate-continue matches its baseline at 1440x1000 (2.8s)
  ✓   92 visual/gallery.spec.js:738:5 › gallery-duplicate-continue matches its baseline at 1024x900 (2.8s)
  ✓   93 visual/gallery.spec.js:738:5 › gallery-duplicate-continue matches its baseline at 768x1024 (3.0s)
  ✓   94 visual/gallery.spec.js:738:5 › gallery-duplicate-continue matches its baseline at 390x844 (2.8s)
  ✓   95 visual/gallery.spec.js:738:5 › gallery-duplicate-continue matches its baseline at 360x844 (2.6s)
  ✓   96 visual/gallery.spec.js:738:5 › gallery-next-page-error matches its baseline at 1440x1000 (3.0s)
  ✓   97 visual/gallery.spec.js:738:5 › gallery-next-page-error matches its baseline at 1024x900 (2.9s)
  ✓   98 visual/gallery.spec.js:738:5 › gallery-next-page-error matches its baseline at 768x1024 (3.2s)
  ✓   99 visual/gallery.spec.js:738:5 › gallery-next-page-error matches its baseline at 390x844 (3.0s)
  ✓  100 visual/gallery.spec.js:738:5 › gallery-next-page-error matches its baseline at 360x844 (2.8s)
  ✓  101 visual/gallery.spec.js:738:5 › health-result-error is captured product-only at 1440x1000 (1.9s)
  ✓  102 visual/gallery.spec.js:738:5 › health-result-error is captured product-only at 1024x900 (2.2s)
  ✓  103 visual/gallery.spec.js:738:5 › health-result-error is captured product-only at 768x1024 (1.8s)
  ✓  104 visual/gallery.spec.js:738:5 › health-result-error is captured product-only at 390x844 (1.5s)
  ✓  105 visual/gallery.spec.js:738:5 › health-result-error is captured product-only at 360x844 (1.5s)
  ✓  106 visual/gallery.spec.js:738:5 › health-job-failed is captured product-only at 1440x1000 (1.9s)
  ✓  107 visual/gallery.spec.js:738:5 › health-job-failed is captured product-only at 1024x900 (1.8s)
  ✓  108 visual/gallery.spec.js:738:5 › health-job-failed is captured product-only at 768x1024 (1.6s)
  ✓  109 visual/gallery.spec.js:738:5 › health-job-failed is captured product-only at 390x844 (1.4s)
  ✓  110 visual/gallery.spec.js:738:5 › health-job-failed is captured product-only at 360x844 (1.4s)
  ✓  111 visual/gallery.spec.js:738:5 › health-query-error is captured product-only at 1440x1000 (1.7s)
  ✓  112 visual/gallery.spec.js:738:5 › health-query-error is captured product-only at 1024x900 (1.6s)
  ✓  113 visual/gallery.spec.js:738:5 › health-query-error is captured product-only at 768x1024 (1.5s)
  ✓  114 visual/gallery.spec.js:738:5 › health-query-error is captured product-only at 390x844 (1.4s)
  ✓  115 visual/gallery.spec.js:738:5 › health-query-error is captured product-only at 360x844 (1.3s)
  ✓  116 visual/gallery.spec.js:738:5 › health-stale is captured product-only at 1440x1000 (1.7s)
  ✓  117 visual/gallery.spec.js:738:5 › health-stale is captured product-only at 1024x900 (2.1s)
  ✓  118 visual/gallery.spec.js:738:5 › health-stale is captured product-only at 768x1024 (1.6s)
  ✓  119 visual/gallery.spec.js:738:5 › health-stale is captured product-only at 390x844 (1.4s)
  ✓  120 visual/gallery.spec.js:738:5 › health-stale is captured product-only at 360x844 (1.5s)
  ✓  121 visual/gallery.spec.js:745:3 › gallery key component matches its original capture (1.2s)
  ✓  122 visual/gallery.spec.js:745:3 › detail key component matches its original capture (1.3s)

  122 passed (11.3m)
