npm notice run eduvibe-archive-frontend@1.0.0 test:e2e
npm notice run playwright test e2e/admin-apps.spec.js:106 e2e/admin-apps.spec.js:198
[WebServer] npm notice run eduvibe-archive-frontend@1.0.0 dev
[WebServer] npm notice run VITE_DATA_MODE=mock vite --host localhost --port 5173 --strictPort
[WebServer] (node:15028) Warning: The 'NO_COLOR' env is ignored due to the 'FORCE_COLOR' env being set.
[WebServer] (Use `node --trace-warnings ...` to show where the warning was created)

Running 2 tests using 1 worker

(node:15050) Warning: The 'NO_COLOR' env is ignored due to the 'FORCE_COLOR' env being set.
(Use `node --trace-warnings ...` to show where the warning was created)
[WebServer] The request url "/tmp/issue85-run/frontend-dependencies/node_modules/pretendard/dist/web/variable/woff2-dynamic-subset/PretendardVariable.subset.91.woff2" is outside of Vite serving allow list.
[WebServer]
[WebServer] - /mnt/c/dev/vibe_coding_archive/frontend
[WebServer] - /mnt/c/dev/vibe_coding_archive/contracts
[WebServer] - /tmp/issue85-run/frontend-dependencies/node_modules/vite/dist/client
[WebServer]
[WebServer] Refer to docs https://vite.dev/config/server-options.html#server-fs-allow for configurations and more details.
[WebServer]
[WebServer] The request url "/tmp/issue85-run/frontend-dependencies/node_modules/pretendard/dist/web/variable/woff2-dynamic-subset/PretendardVariable.subset.90.woff2" is outside of Vite serving allow list.
[WebServer] The request url "/tmp/issue85-run/frontend-dependencies/node_modules/pretendard/dist/web/variable/woff2-dynamic-subset/PretendardVariable.subset.89.woff2" is outside of Vite serving allow list.
[WebServer] The request url "/tmp/issue85-run/frontend-dependencies/node_modules/pretendard/dist/web/variable/woff2-dynamic-subset/PretendardVariable.subset.85.woff2" is outside of Vite serving allow list.
[WebServer] The request url "/tmp/issue85-run/frontend-dependencies/node_modules/pretendard/dist/web/variable/woff2-dynamic-subset/PretendardVariable.subset.88.woff2" is outside of Vite serving allow list.
[WebServer] The request url "/tmp/issue85-run/frontend-dependencies/node_modules/pretendard/dist/web/variable/woff2-dynamic-subset/PretendardVariable.subset.86.woff2" is outside of Vite serving allow list.
[WebServer] The request url "/tmp/issue85-run/frontend-dependencies/node_modules/pretendard/dist/web/variable/woff2-dynamic-subset/PretendardVariable.subset.87.woff2" is outside of Vite serving allow list.
[WebServer] The request url "/tmp/issue85-run/frontend-dependencies/node_modules/pretendard/dist/web/variable/woff2-dynamic-subset/PretendardVariable.subset.84.woff2" is outside of Vite serving allow list.
[WebServer] The request url "/tmp/issue85-run/frontend-dependencies/node_modules/pretendard/dist/web/variable/woff2-dynamic-subset/PretendardVariable.subset.83.woff2" is outside of Vite serving allow list.
[WebServer] The request url "/tmp/issue85-run/frontend-dependencies/node_modules/pretendard/dist/web/variable/woff2-dynamic-subset/PretendardVariable.subset.71.woff2" is outside of Vite serving allow list.
[WebServer] The request url "/tmp/issue85-run/frontend-dependencies/node_modules/pretendard/dist/web/variable/woff2-dynamic-subset/PretendardVariable.subset.82.woff2" is outside of Vite serving allow list.
[WebServer] The request url "/tmp/issue85-run/frontend-dependencies/node_modules/pretendard/dist/web/variable/woff2-dynamic-subset/PretendardVariable.subset.81.woff2" is outside of Vite serving allow list.
[WebServer] The request url "/tmp/issue85-run/frontend-dependencies/node_modules/pretendard/dist/web/variable/woff2-dynamic-subset/PretendardVariable.subset.91.woff2" is outside of Vite serving allow list.
[WebServer] The request url "/tmp/issue85-run/frontend-dependencies/node_modules/pretendard/dist/web/variable/woff2-dynamic-subset/PretendardVariable.subset.90.woff2" is outside of Vite serving allow list.
[WebServer] The request url "/tmp/issue85-run/frontend-dependencies/node_modules/pretendard/dist/web/variable/woff2-dynamic-subset/PretendardVariable.subset.89.woff2" is outside of Vite serving allow list.
[WebServer] The request url "/tmp/issue85-run/frontend-dependencies/node_modules/pretendard/dist/web/variable/woff2-dynamic-subset/PretendardVariable.subset.85.woff2" is outside of Vite serving allow list.
[WebServer] The request url "/tmp/issue85-run/frontend-dependencies/node_modules/pretendard/dist/web/variable/woff2-dynamic-subset/PretendardVariable.subset.88.woff2" is outside of Vite serving allow list.
[WebServer] The request url "/tmp/issue85-run/frontend-dependencies/node_modules/pretendard/dist/web/variable/woff2-dynamic-subset/PretendardVariable.subset.87.woff2" is outside of Vite serving allow list.
[WebServer] The request url "/tmp/issue85-run/frontend-dependencies/node_modules/pretendard/dist/web/variable/woff2-dynamic-subset/PretendardVariable.subset.84.woff2" is outside of Vite serving allow list.
[WebServer] The request url "/tmp/issue85-run/frontend-dependencies/node_modules/pretendard/dist/web/variable/woff2-dynamic-subset/PretendardVariable.subset.83.woff2" is outside of Vite serving allow list.
[WebServer] The request url "/tmp/issue85-run/frontend-dependencies/node_modules/pretendard/dist/web/variable/woff2-dynamic-subset/PretendardVariable.subset.82.woff2" is outside of Vite serving allow list.
[WebServer] The request url "/tmp/issue85-run/frontend-dependencies/node_modules/pretendard/dist/web/variable/woff2-dynamic-subset/PretendardVariable.subset.80.woff2" is outside of Vite serving allow list.
[WebServer] The request url "/tmp/issue85-run/frontend-dependencies/node_modules/pretendard/dist/web/variable/woff2-dynamic-subset/PretendardVariable.subset.86.woff2" is outside of Vite serving allow list.
[WebServer] The request url "/tmp/issue85-run/frontend-dependencies/node_modules/pretendard/dist/web/variable/woff2-dynamic-subset/PretendardVariable.subset.79.woff2" is outside of Vite serving allow list.
[WebServer] The request url "/tmp/issue85-run/frontend-dependencies/node_modules/pretendard/dist/web/variable/woff2-dynamic-subset/PretendardVariable.subset.81.woff2" is outside of Vite serving allow list.
[WebServer] The request url "/tmp/issue85-run/frontend-dependencies/node_modules/pretendard/dist/web/variable/woff2-dynamic-subset/PretendardVariable.subset.91.woff2" is outside of Vite serving allow list.
[WebServer] The request url "/tmp/issue85-run/frontend-dependencies/node_modules/pretendard/dist/web/variable/woff2-dynamic-subset/PretendardVariable.subset.90.woff2" is outside of Vite serving allow list.
[WebServer] The request url "/tmp/issue85-run/frontend-dependencies/node_modules/pretendard/dist/web/variable/woff2-dynamic-subset/PretendardVariable.subset.89.woff2" is outside of Vite serving allow list.
[WebServer] The request url "/tmp/issue85-run/frontend-dependencies/node_modules/pretendard/dist/web/variable/woff2-dynamic-subset/PretendardVariable.subset.85.woff2" is outside of Vite serving allow list.
[WebServer] The request url "/tmp/issue85-run/frontend-dependencies/node_modules/pretendard/dist/web/variable/woff2-dynamic-subset/PretendardVariable.subset.88.woff2" is outside of Vite serving allow list.
[WebServer] The request url "/tmp/issue85-run/frontend-dependencies/node_modules/pretendard/dist/web/variable/woff2-dynamic-subset/PretendardVariable.subset.71.woff2" is outside of Vite serving allow list.
[WebServer] The request url "/tmp/issue85-run/frontend-dependencies/node_modules/pretendard/dist/web/variable/woff2-dynamic-subset/PretendardVariable.subset.86.woff2" is outside of Vite serving allow list.
[WebServer] The request url "/tmp/issue85-run/frontend-dependencies/node_modules/pretendard/dist/web/variable/woff2-dynamic-subset/PretendardVariable.subset.82.woff2" is outside of Vite serving allow list.
[WebServer] The request url "/tmp/issue85-run/frontend-dependencies/node_modules/pretendard/dist/web/variable/woff2-dynamic-subset/PretendardVariable.subset.81.woff2" is outside of Vite serving allow list.
[WebServer] The request url "/tmp/issue85-run/frontend-dependencies/node_modules/pretendard/dist/web/variable/woff2-dynamic-subset/PretendardVariable.subset.87.woff2" is outside of Vite serving allow list.
[WebServer] The request url "/tmp/issue85-run/frontend-dependencies/node_modules/pretendard/dist/web/variable/woff2-dynamic-subset/PretendardVariable.subset.84.woff2" is outside of Vite serving allow list.
[WebServer] The request url "/tmp/issue85-run/frontend-dependencies/node_modules/pretendard/dist/web/variable/woff2-dynamic-subset/PretendardVariable.subset.83.woff2" is outside of Vite serving allow list.
[WebServer] The request url "/tmp/issue85-run/frontend-dependencies/node_modules/pretendard/dist/web/variable/woff2-dynamic-subset/PretendardVariable.subset.91.woff2" is outside of Vite serving allow list.
[WebServer] The request url "/tmp/issue85-run/frontend-dependencies/node_modules/pretendard/dist/web/variable/woff2-dynamic-subset/PretendardVariable.subset.90.woff2" is outside of Vite serving allow list.
[WebServer] The request url "/tmp/issue85-run/frontend-dependencies/node_modules/pretendard/dist/web/variable/woff2-dynamic-subset/PretendardVariable.subset.89.woff2" is outside of Vite serving allow list.
[WebServer] The request url "/tmp/issue85-run/frontend-dependencies/node_modules/pretendard/dist/web/variable/woff2-dynamic-subset/PretendardVariable.subset.85.woff2" is outside of Vite serving allow list.
[WebServer] The request url "/tmp/issue85-run/frontend-dependencies/node_modules/pretendard/dist/web/variable/woff2-dynamic-subset/PretendardVariable.subset.88.woff2" is outside of Vite serving allow list.
[WebServer] The request url "/tmp/issue85-run/frontend-dependencies/node_modules/pretendard/dist/web/variable/woff2-dynamic-subset/PretendardVariable.subset.87.woff2" is outside of Vite serving allow list.
[WebServer] The request url "/tmp/issue85-run/frontend-dependencies/node_modules/pretendard/dist/web/variable/woff2-dynamic-subset/PretendardVariable.subset.84.woff2" is outside of Vite serving allow list.
[WebServer] The request url "/tmp/issue85-run/frontend-dependencies/node_modules/pretendard/dist/web/variable/woff2-dynamic-subset/PretendardVariable.subset.83.woff2" is outside of Vite serving allow list.
[WebServer] The request url "/tmp/issue85-run/frontend-dependencies/node_modules/pretendard/dist/web/variable/woff2-dynamic-subset/PretendardVariable.subset.86.woff2" is outside of Vite serving allow list.
[WebServer] The request url "/tmp/issue85-run/frontend-dependencies/node_modules/pretendard/dist/web/variable/woff2-dynamic-subset/PretendardVariable.subset.78.woff2" is outside of Vite serving allow list.
[WebServer] The request url "/tmp/issue85-run/frontend-dependencies/node_modules/pretendard/dist/web/variable/woff2-dynamic-subset/PretendardVariable.subset.82.woff2" is outside of Vite serving allow list.
[WebServer] The request url "/tmp/issue85-run/frontend-dependencies/node_modules/pretendard/dist/web/variable/woff2-dynamic-subset/PretendardVariable.subset.91.woff2" is outside of Vite serving allow list.
[WebServer] The request url "/tmp/issue85-run/frontend-dependencies/node_modules/pretendard/dist/web/variable/woff2-dynamic-subset/PretendardVariable.subset.90.woff2" is outside of Vite serving allow list.
[WebServer] The request url "/tmp/issue85-run/frontend-dependencies/node_modules/pretendard/dist/web/variable/woff2-dynamic-subset/PretendardVariable.subset.89.woff2" is outside of Vite serving allow list.
[WebServer] The request url "/tmp/issue85-run/frontend-dependencies/node_modules/pretendard/dist/web/variable/woff2-dynamic-subset/PretendardVariable.subset.85.woff2" is outside of Vite serving allow list.
[WebServer] The request url "/tmp/issue85-run/frontend-dependencies/node_modules/pretendard/dist/web/variable/woff2-dynamic-subset/PretendardVariable.subset.88.woff2" is outside of Vite serving allow list.
[WebServer] The request url "/tmp/issue85-run/frontend-dependencies/node_modules/pretendard/dist/web/variable/woff2-dynamic-subset/PretendardVariable.subset.87.woff2" is outside of Vite serving allow list.
[WebServer] The request url "/tmp/issue85-run/frontend-dependencies/node_modules/pretendard/dist/web/variable/woff2-dynamic-subset/PretendardVariable.subset.84.woff2" is outside of Vite serving allow list.
[WebServer] The request url "/tmp/issue85-run/frontend-dependencies/node_modules/pretendard/dist/web/variable/woff2-dynamic-subset/PretendardVariable.subset.83.woff2" is outside of Vite serving allow list.
[WebServer] The request url "/tmp/issue85-run/frontend-dependencies/node_modules/pretendard/dist/web/variable/woff2-dynamic-subset/PretendardVariable.subset.82.woff2" is outside of Vite serving allow list.
[WebServer] The request url "/tmp/issue85-run/frontend-dependencies/node_modules/pretendard/dist/web/variable/woff2-dynamic-subset/PretendardVariable.subset.80.woff2" is outside of Vite serving allow list.
[WebServer] The request url "/tmp/issue85-run/frontend-dependencies/node_modules/pretendard/dist/web/variable/woff2-dynamic-subset/PretendardVariable.subset.86.woff2" is outside of Vite serving allow list.
[WebServer] The request url "/tmp/issue85-run/frontend-dependencies/node_modules/pretendard/dist/web/variable/woff2-dynamic-subset/PretendardVariable.subset.79.woff2" is outside of Vite serving allow list.
[WebServer] The request url "/tmp/issue85-run/frontend-dependencies/node_modules/pretendard/dist/web/variable/woff2-dynamic-subset/PretendardVariable.subset.81.woff2" is outside of Vite serving allow list.
[WebServer] The request url "/tmp/issue85-run/frontend-dependencies/node_modules/pretendard/dist/web/variable/woff2-dynamic-subset/PretendardVariable.subset.71.woff2" is outside of Vite serving allow list.
[WebServer] The request url "/tmp/issue85-run/frontend-dependencies/node_modules/pretendard/dist/web/variable/woff2-dynamic-subset/PretendardVariable.subset.78.woff2" is outside of Vite serving allow list.
  ✓  1 e2e/admin-apps.spec.js:106:1 › admin can edit and delete another member's private app from the monitor (12.8s)
[WebServer] The request url "/tmp/issue85-run/frontend-dependencies/node_modules/pretendard/dist/web/variable/woff2-dynamic-subset/PretendardVariable.subset.91.woff2" is outside of Vite serving allow list.
[WebServer] The request url "/tmp/issue85-run/frontend-dependencies/node_modules/pretendard/dist/web/variable/woff2-dynamic-subset/PretendardVariable.subset.90.woff2" is outside of Vite serving allow list.
[WebServer] The request url "/tmp/issue85-run/frontend-dependencies/node_modules/pretendard/dist/web/variable/woff2-dynamic-subset/PretendardVariable.subset.89.woff2" is outside of Vite serving allow list.
[WebServer] The request url "/tmp/issue85-run/frontend-dependencies/node_modules/pretendard/dist/web/variable/woff2-dynamic-subset/PretendardVariable.subset.85.woff2" is outside of Vite serving allow list.
[WebServer] The request url "/tmp/issue85-run/frontend-dependencies/node_modules/pretendard/dist/web/variable/woff2-dynamic-subset/PretendardVariable.subset.88.woff2" is outside of Vite serving allow list.
[WebServer] The request url "/tmp/issue85-run/frontend-dependencies/node_modules/pretendard/dist/web/variable/woff2-dynamic-subset/PretendardVariable.subset.86.woff2" is outside of Vite serving allow list.
[WebServer] The request url "/tmp/issue85-run/frontend-dependencies/node_modules/pretendard/dist/web/variable/woff2-dynamic-subset/PretendardVariable.subset.87.woff2" is outside of Vite serving allow list.
[WebServer] The request url "/tmp/issue85-run/frontend-dependencies/node_modules/pretendard/dist/web/variable/woff2-dynamic-subset/PretendardVariable.subset.84.woff2" is outside of Vite serving allow list.
[WebServer] The request url "/tmp/issue85-run/frontend-dependencies/node_modules/pretendard/dist/web/variable/woff2-dynamic-subset/PretendardVariable.subset.83.woff2" is outside of Vite serving allow list.
[WebServer] The request url "/tmp/issue85-run/frontend-dependencies/node_modules/pretendard/dist/web/variable/woff2-dynamic-subset/PretendardVariable.subset.71.woff2" is outside of Vite serving allow list.
[WebServer] The request url "/tmp/issue85-run/frontend-dependencies/node_modules/pretendard/dist/web/variable/woff2-dynamic-subset/PretendardVariable.subset.82.woff2" is outside of Vite serving allow list.
[WebServer] The request url "/tmp/issue85-run/frontend-dependencies/node_modules/pretendard/dist/web/variable/woff2-dynamic-subset/PretendardVariable.subset.81.woff2" is outside of Vite serving allow list.
[WebServer] The request url "/tmp/issue85-run/frontend-dependencies/node_modules/pretendard/dist/web/variable/woff2-dynamic-subset/PretendardVariable.subset.91.woff2" is outside of Vite serving allow list.
[WebServer] The request url "/tmp/issue85-run/frontend-dependencies/node_modules/pretendard/dist/web/variable/woff2-dynamic-subset/PretendardVariable.subset.90.woff2" is outside of Vite serving allow list.
[WebServer] The request url "/tmp/issue85-run/frontend-dependencies/node_modules/pretendard/dist/web/variable/woff2-dynamic-subset/PretendardVariable.subset.89.woff2" is outside of Vite serving allow list.
[WebServer] The request url "/tmp/issue85-run/frontend-dependencies/node_modules/pretendard/dist/web/variable/woff2-dynamic-subset/PretendardVariable.subset.88.woff2" is outside of Vite serving allow list.
[WebServer] The request url "/tmp/issue85-run/frontend-dependencies/node_modules/pretendard/dist/web/variable/woff2-dynamic-subset/PretendardVariable.subset.87.woff2" is outside of Vite serving allow list.
[WebServer] The request url "/tmp/issue85-run/frontend-dependencies/node_modules/pretendard/dist/web/variable/woff2-dynamic-subset/PretendardVariable.subset.85.woff2" is outside of Vite serving allow list.
[WebServer] The request url "/tmp/issue85-run/frontend-dependencies/node_modules/pretendard/dist/web/variable/woff2-dynamic-subset/PretendardVariable.subset.84.woff2" is outside of Vite serving allow list.
[WebServer] The request url "/tmp/issue85-run/frontend-dependencies/node_modules/pretendard/dist/web/variable/woff2-dynamic-subset/PretendardVariable.subset.83.woff2" is outside of Vite serving allow list.
[WebServer] The request url "/tmp/issue85-run/frontend-dependencies/node_modules/pretendard/dist/web/variable/woff2-dynamic-subset/PretendardVariable.subset.86.woff2" is outside of Vite serving allow list.
[WebServer] The request url "/tmp/issue85-run/frontend-dependencies/node_modules/pretendard/dist/web/variable/woff2-dynamic-subset/PretendardVariable.subset.80.woff2" is outside of Vite serving allow list.
[WebServer] The request url "/tmp/issue85-run/frontend-dependencies/node_modules/pretendard/dist/web/variable/woff2-dynamic-subset/PretendardVariable.subset.82.woff2" is outside of Vite serving allow list.
[WebServer] The request url "/tmp/issue85-run/frontend-dependencies/node_modules/pretendard/dist/web/variable/woff2-dynamic-subset/PretendardVariable.subset.79.woff2" is outside of Vite serving allow list.
[WebServer] The request url "/tmp/issue85-run/frontend-dependencies/node_modules/pretendard/dist/web/variable/woff2-dynamic-subset/PretendardVariable.subset.91.woff2" is outside of Vite serving allow list.
[WebServer] The request url "/tmp/issue85-run/frontend-dependencies/node_modules/pretendard/dist/web/variable/woff2-dynamic-subset/PretendardVariable.subset.90.woff2" is outside of Vite serving allow list.
[WebServer] The request url "/tmp/issue85-run/frontend-dependencies/node_modules/pretendard/dist/web/variable/woff2-dynamic-subset/PretendardVariable.subset.89.woff2" is outside of Vite serving allow list.
[WebServer] The request url "/tmp/issue85-run/frontend-dependencies/node_modules/pretendard/dist/web/variable/woff2-dynamic-subset/PretendardVariable.subset.88.woff2" is outside of Vite serving allow list.
[WebServer] The request url "/tmp/issue85-run/frontend-dependencies/node_modules/pretendard/dist/web/variable/woff2-dynamic-subset/PretendardVariable.subset.87.woff2" is outside of Vite serving allow list.
[WebServer] The request url "/tmp/issue85-run/frontend-dependencies/node_modules/pretendard/dist/web/variable/woff2-dynamic-subset/PretendardVariable.subset.85.woff2" is outside of Vite serving allow list.
[WebServer] The request url "/tmp/issue85-run/frontend-dependencies/node_modules/pretendard/dist/web/variable/woff2-dynamic-subset/PretendardVariable.subset.84.woff2" is outside of Vite serving allow list.
[WebServer] The request url "/tmp/issue85-run/frontend-dependencies/node_modules/pretendard/dist/web/variable/woff2-dynamic-subset/PretendardVariable.subset.83.woff2" is outside of Vite serving allow list.
[WebServer] The request url "/tmp/issue85-run/frontend-dependencies/node_modules/pretendard/dist/web/variable/woff2-dynamic-subset/PretendardVariable.subset.86.woff2" is outside of Vite serving allow list.
[WebServer] The request url "/tmp/issue85-run/frontend-dependencies/node_modules/pretendard/dist/web/variable/woff2-dynamic-subset/PretendardVariable.subset.82.woff2" is outside of Vite serving allow list.
[WebServer] The request url "/tmp/issue85-run/frontend-dependencies/node_modules/pretendard/dist/web/variable/woff2-dynamic-subset/PretendardVariable.subset.80.woff2" is outside of Vite serving allow list.
[WebServer] The request url "/tmp/issue85-run/frontend-dependencies/node_modules/pretendard/dist/web/variable/woff2-dynamic-subset/PretendardVariable.subset.79.woff2" is outside of Vite serving allow list.
  ✓  2 e2e/admin-apps.spec.js:198:1 › Health Monitor metadata stays clear of status badges at narrow widths (4.8s)

  2 passed (22.2s)
