[WebServer] INFO:     Started server process [17519]
[WebServer] INFO:     Waiting for application startup.
[WebServer] INFO:     Application startup complete.
[WebServer] INFO:     Uvicorn running on http://127.0.0.1:8000 (Press CTRL+C to quit)
[WebServer] npm notice run eduvibe-archive-frontend@1.0.0 dev:api
[WebServer] npm notice run VITE_DATA_MODE=api vite --host localhost --port 5174 --strictPort
[WebServer] (node:17549) Warning: The 'NO_COLOR' env is ignored due to the 'FORCE_COLOR' env being set.
[WebServer] (Use `node --trace-warnings ...` to show where the warning was created)

Running 1 test using 1 worker

(node:17572) Warning: The 'NO_COLOR' env is ignored due to the 'FORCE_COLOR' env being set.
(Use `node --trace-warnings ...` to show where the warning was created)
  ✘  1 e2e-api/apps.spec.js:28:1 › public API gallery filters, paginates, opens, refreshes, and restores real SQLite data (29.8s)


  1) e2e-api/apps.spec.js:28:1 › public API gallery filters, paginates, opens, refreshes, and restores real SQLite data

    Error: expect(locator).toHaveCount(expected) failed

    Locator:  locator('a.card-r')
    Expected: 24
    Received: 0
    Timeout:  10000ms

    Call log:
      - Expect "toHaveCount" locator('a.card-r') with timeout 10000ms
      - waiting for locator('a.card-r')
        22 × locator resolved to 0 elements
           - unexpected value "0"


      40 |
      41 |   await page.goto("/");
    > 42 |   await expect(page.locator("a.card-r")).toHaveCount(24);
         |                                          ^
      43 |   await expect(
      44 |     page.getByRole("link", { name: /추가 공개 앱 27/ }),
      45 |   ).toBeVisible();
        at /mnt/c/dev/vibe_coding_archive/frontend/e2e-api/apps.spec.js:42:42

    Error Context: test-results/apps-public-API-gallery-fi-d6f27-d-restores-real-SQLite-data/error-context.md

  1 failed
    e2e-api/apps.spec.js:28:1 › public API gallery filters, paginates, opens, refreshes, and restores real SQLite data
