============================= test session starts ==============================
platform linux -- Python 3.12.3, pytest-9.1.1, pluggy-1.6.0 -- /tmp/issue85-run/backend-venv/bin/python
cachedir: .pytest_cache
rootdir: /mnt/c/dev/vibe_coding_archive/backend
configfile: pyproject.toml
plugins: asyncio-1.4.0, anyio-4.15.1
asyncio: mode=Mode.AUTO, debug=False, asyncio_default_fixture_loop_scope=None, asyncio_default_test_loop_scope=function
collecting ... collected 1 item

tests/test_dev_seed.py::test_seed_cli_seeds_only_missing_rows_and_preserves_existing_edits FAILED [100%]

=================================== FAILURES ===================================
______ test_seed_cli_seeds_only_missing_rows_and_preserves_existing_edits ______

tmp_path = PosixPath('/tmp/pytest-of-dominelinux/pytest-3/test_seed_cli_seeds_only_missi0')

    def test_seed_cli_seeds_only_missing_rows_and_preserves_existing_edits(
        tmp_path: Path,
    ):
        repo, backend = _copy_backend(tmp_path)
        database_path = _migrate(backend)

        empty_server, empty_base_url = _start_development_api(backend)
        try:
            status, page = _read_api_json(empty_base_url, "/api/v1/apps")
            assert status == 200
            assert page["items"] == []
            assert page["pagination"]["total"] == 0
            assert page["facets"]["subjects_in_use"] == []
        finally:
            _stop_development_api(empty_server)

        status, output = _run_cli(backend, passwords=(TEST_PASSWORD, TEST_PASSWORD))
        assert status == 0, output
        assert TEST_PASSWORD not in output
        assert sum(output.count(prompt.decode()) for prompt in PROMPTS) == 2
        assert "Seeded 2 members and 2 apps." in output

        with sqlite3.connect(database_path) as connection:
            members = connection.execute(
                "SELECT id, login_id, nickname, password_hash, is_admin, approval_status "
                "FROM members ORDER BY id"
            ).fetchall()
            assert [member[0] for member in members] == list(MEMBER_IDS)
            assert all(not member[4] and member[5] == "approved" for member in members)
            assert all(
                PasswordHash.recommended().verify(TEST_PASSWORD, member[3])
                for member in members
            )
            assert len({member[3] for member in members}) == 2
            assert connection.execute("SELECT COUNT(*) FROM apps").fetchone()[0] == 2
            public = connection.execute(
                "SELECT id, owner_id, name, prompt, is_public FROM apps WHERE id = ?",
                (PUBLIC_APP_ID,),
            ).fetchone()
            private = connection.execute(
                "SELECT id, is_public FROM apps WHERE id = ?", (PRIVATE_APP_ID,)
            ).fetchone()
            assert public[0] == PUBLIC_APP_ID and public[1] == MEMBER_IDS[0]
            assert public[4] == 1 and private == (PRIVATE_APP_ID, 0)
            assert (
                connection.execute(
                    "SELECT COUNT(*) FROM health_results WHERE state <> 'unchecked' "
                    "OR checked_at IS NOT NULL OR fresh_until IS NOT NULL"
                ).fetchone()[0]
                == 0
            )

        first_server, first_base_url = _start_development_api(backend)
        try:
            first_page, first_detail = _assert_seed_api_read(first_base_url)
        finally:
            _stop_development_api(first_server)

        second_server, second_base_url = _start_development_api(backend)
        try:
            second_page, second_detail = _assert_seed_api_read(second_base_url)
        finally:
            _stop_development_api(second_server)
        assert first_page["items"] == second_page["items"]
        assert first_page["pagination"] == second_page["pagination"]
        assert first_detail == second_detail

        with sqlite3.connect(database_path) as connection:
            connection.execute(
                "UPDATE apps SET name = 'Existing app edit', prompt = 'Existing prompt' "
                "WHERE id = ?",
                (PUBLIC_APP_ID,),
            )
            connection.commit()

        if os.environ.get("ISSUE84_VERIFY_SEEDED_UI") == "1":
            ui_server, ui_base_url = _start_development_api(backend)
            try:
>               _verify_seeded_ui(ui_base_url)

tests/test_dev_seed.py:316:
_ _ _ _ _ _ _ _ _ _ _ _ _ _ _ _ _ _ _ _ _ _ _ _ _ _ _ _ _ _ _ _ _ _ _ _ _ _ _ _

base_url = 'http://127.0.0.1:46831'

    def _verify_seeded_ui(base_url: str) -> None:
        frontend = ROOT / "frontend"
        result = subprocess.run(
            ["node", "scripts/test-seeded-dev-ui.mjs"],
            cwd=frontend,
            env={
                **os.environ,
                "ISSUE84_SEED_UI_API_URL": base_url,
            },
            capture_output=True,
            text=True,
            timeout=180,
            check=False,
        )
>       assert result.returncode == 0, result.stdout + result.stderr
E       AssertionError: node:internal/modules/run_main:123
E             triggerUncaughtException(
E             ^
E
E         page.goto: Timeout 30000ms exceeded.
E         Call log:
E           - navigating to "http://127.0.0.1:44337/", waiting until "load"
E
E             at /mnt/c/dev/vibe_coding_archive/frontend/scripts/test-seeded-dev-ui.mjs:111:14 {
E           log: [
E             '  - navigating to "http://127.0.0.1:44337/", waiting until "load"'
E           ],
E           name: 'TimeoutError'
E         }
E
E         Node.js v22.23.2
E
E       assert 1 == 0
E        +  where 1 = CompletedProcess(args=['node', 'scripts/test-seeded-dev-ui.mjs'], returncode=1, stdout='', stderr='node:internal/modules/run_main:123\n    triggerUncaughtException(\n    ^\n\npage.goto: Timeout 30000ms exceeded.\nCall log:\n\x1b[2m  - navigating to "http://127.0.0.1:44337/", waiting until "load"\x1b[22m\n\n    at /mnt/c/dev/vibe_coding_archive/frontend/scripts/test-seeded-dev-ui.mjs:111:14 {\n  log: [\n    \'  - navigating to "http://127.0.0.1:44337/", waiting until "load"\'\n  ],\n  name: \'TimeoutError\'\n}\n\nNode.js v22.23.2\n').returncode

tests/test_dev_seed.py:198: AssertionError
=========================== short test summary info ============================
FAILED tests/test_dev_seed.py::test_seed_cli_seeds_only_missing_rows_and_preserves_existing_edits
========================= 1 failed in 87.21s (0:01:27) =========================
